../Core/Src/custom.c:46:6:HAL_UART_RxCpltCallback	184	static
../Core/Src/custom.c:122:6:HAL_GPIO_EXTI_Callback	24	static
../Core/Src/custom.c:146:6:HAL_TIM_PeriodElapsedCallback	16	static
../Core/Src/custom.c:159:6:ITM_Sendchar	16	static
../Core/Src/custom.c:174:5:_write	32	static
../Core/Src/custom.c:198:6:init_man	32	static
../Core/Src/custom.c:229:9:dot	32	static
../Core/Src/custom.c:267:9:inv2x2	24	static
../Core/Src/custom.c:293:6:sum	32	static
../Core/Src/custom.c:313:6:diff	32	static
../Core/Src/custom.c:336:6:det	40	static
../Core/Src/custom.c:409:9:inv	32	static
../Core/Src/custom.c:440:6:adj	32	static
../Core/Src/custom.c:476:6:tr	32	static
../Core/Src/custom.c:504:6:pseudo_inv	40	static
../Core/Src/custom.c:524:6:B_calc	32	static
../Core/Src/custom.c:551:6:C_calc	48	static
../Core/Src/custom.c:584:6:controller	184	static
../Core/Src/custom.c:702:6:rad2stepdir	40	static
../Core/Src/custom.c:727:6:speed_estimation	360	static
../Core/Src/custom.c:810:6:init_rate	16	static
../Core/Src/custom.c:825:6:rate_sleep	24	static
../Core/Src/custom.c:851:6:read_encoders	48	static
../Core/Src/custom.c:977:6:update_speeds	40	static
../Core/Src/custom.c:990:6:apply_velocity_input	56	static
../Core/Src/custom.c:1033:6:apply_position_input	72	static
../Core/Src/custom.c:1140:6:start_timers	24	static
../Core/Src/custom.c:1155:6:stop_timers	24	static
../Core/Src/custom.c:1163:6:log_data	120	static
../Core/Src/custom.c:1187:6:setup_encoders	24	static
../Core/Src/custom.c:1200:6:PID_controller_position	48	static
../Core/Src/custom.c:1241:6:PID_controller_velocity	88	static
../Core/Src/custom.c:1280:6:homing	40	static
