../Core/Src/custom.c:34:6:HAL_UART_RxCpltCallback	56	static
../Core/Src/custom.c:63:6:HAL_GPIO_EXTI_Callback	24	static
../Core/Src/custom.c:80:6:HAL_TIM_PeriodElapsedCallback	16	static
../Core/Src/custom.c:100:6:init_man	32	static
../Core/Src/custom.c:131:9:dot	32	static
../Core/Src/custom.c:169:9:inv2x2	24	static
../Core/Src/custom.c:195:6:sum	32	static
../Core/Src/custom.c:215:6:diff	32	static
../Core/Src/custom.c:238:6:det	40	static
../Core/Src/custom.c:311:9:inv	32	static
../Core/Src/custom.c:342:6:adj	32	static
../Core/Src/custom.c:378:6:tr	32	static
../Core/Src/custom.c:406:6:pseudo_inv	40	static
../Core/Src/custom.c:426:6:B_calc	32	static
../Core/Src/custom.c:453:6:C_calc	48	static
../Core/Src/custom.c:486:6:controller	184	static
../Core/Src/custom.c:612:6:rad2stepdir	40	static
../Core/Src/custom.c:637:6:speed_estimation	360	static
../Core/Src/custom.c:720:6:init_rate	16	static
../Core/Src/custom.c:735:6:rate_sleep	24	static
../Core/Src/custom.c:761:6:read_encoders	48	static
../Core/Src/custom.c:887:6:update_speeds	40	static
../Core/Src/custom.c:900:6:apply_input	64	static
../Core/Src/custom.c:998:6:start_timers	24	static
../Core/Src/custom.c:1013:6:stop_timers	24	static
../Core/Src/custom.c:1021:6:log_data	120	static
../Core/Src/custom.c:1045:6:setup_encoders	24	static
