../Core/Src/custom.c:55:6:HAL_UART_RxCpltCallback	184	static
../Core/Src/custom.c:147:6:HAL_GPIO_EXTI_Callback	24	static
../Core/Src/custom.c:205:6:HAL_TIM_PeriodElapsedCallback	16	static
../Core/Src/custom.c:218:6:ITM_Sendchar	16	static
../Core/Src/custom.c:233:5:_write	32	static
../Core/Src/custom.c:257:6:init_man	32	static
../Core/Src/custom.c:290:9:dot	32	static
../Core/Src/custom.c:328:9:inv2x2	24	static
../Core/Src/custom.c:354:6:sum	32	static
../Core/Src/custom.c:374:6:diff	32	static
../Core/Src/custom.c:397:6:det	40	static
../Core/Src/custom.c:470:9:inv	32	static
../Core/Src/custom.c:501:6:adj	32	static
../Core/Src/custom.c:537:6:tr	32	static
../Core/Src/custom.c:565:6:pseudo_inv	40	static
../Core/Src/custom.c:585:6:B_calc	32	static
../Core/Src/custom.c:612:6:C_calc	48	static
../Core/Src/custom.c:645:6:controller	184	static
../Core/Src/custom.c:763:6:rad2stepdir	40	static
../Core/Src/custom.c:788:6:speed_estimation	360	static
../Core/Src/custom.c:843:6:init_rate	16	static
../Core/Src/custom.c:858:6:rate_sleep	24	static
../Core/Src/custom.c:884:6:read_encoders	48	static
../Core/Src/custom.c:1000:6:update_speeds	40	static
../Core/Src/custom.c:1013:6:apply_velocity_input	56	static
../Core/Src/custom.c:1058:6:apply_position_input	72	static
../Core/Src/custom.c:1145:6:start_timers	24	static
../Core/Src/custom.c:1171:6:stop_timers	24	static
../Core/Src/custom.c:1190:6:log_data	48	static
../Core/Src/custom.c:1226:6:setup_encoders	24	static
../Core/Src/custom.c:1255:6:PID_controller_position	64	static
../Core/Src/custom.c:1329:6:PID_controller_velocity	48	static
../Core/Src/custom.c:1391:6:homing	48	static
