../Core/Src/main.c:83:5:main	64	static
../Core/Src/main.c:214:6:SystemClock_Config	88	static
../Core/Src/main.c:261:13:MX_TIM2_Init	48	static
../Core/Src/main.c:310:13:MX_TIM3_Init	56	static
../Core/Src/main.c:359:13:MX_TIM4_Init	56	static
../Core/Src/main.c:408:13:MX_TIM5_Init	48	static
../Core/Src/main.c:457:13:MX_TIM10_Init	8	static
../Core/Src/main.c:488:13:MX_USART2_UART_Init	8	static
../Core/Src/main.c:519:13:MX_DMA_Init	16	static
../Core/Src/main.c:540:13:MX_GPIO_Init	48	static
../Core/Src/main.c:600:6:Error_Handler	4	static,ignoring_inline_asm
