../Core/Src/main.c:80:5:main	32	static
../Core/Src/main.c:182:6:SystemClock_Config	88	static
../Core/Src/main.c:229:13:MX_TIM2_Init	48	static
../Core/Src/main.c:278:13:MX_TIM3_Init	56	static
../Core/Src/main.c:327:13:MX_TIM4_Init	56	static
../Core/Src/main.c:376:13:MX_TIM5_Init	48	static
../Core/Src/main.c:425:13:MX_TIM10_Init	8	static
../Core/Src/main.c:456:13:MX_USART2_UART_Init	8	static
../Core/Src/main.c:487:13:MX_DMA_Init	16	static
../Core/Src/main.c:508:13:MX_GPIO_Init	48	static
../Core/Src/main.c:568:6:Error_Handler	4	static,ignoring_inline_asm
